apps/backend/src/services/payments/chargeback/chargeback.service.ts(5,38): error TS2307: Cannot find module '../../db/entities/payment-dispute.entity' or its corresponding type declarations.
apps/backend/src/services/payments/chargeback/chargeback.service.ts(6,29): error TS2307: Cannot find module '../../db/entities/order.entity' or its corresponding type declarations.
apps/backend/src/services/payments/chargeback/chargeback.service.ts(7,28): error TS2307: Cannot find module '../../db/entities/user.entity' or its corresponding type declarations.
apps/backend/src/services/payments/chargeback/chargeback.service.ts(8,37): error TS2307: Cannot find module '../../services/notifications/notification.service' or its corresponding type declarations.
apps/backend/src/services/payments/chargeback/chargeback.service.ts(9,47): error TS2307: Cannot find module '../../services/notifications/production-notification.service' or its corresponding type declarations.
apps/backend/src/services/payments/webhook/webhook.service.ts(14,39): error TS2307: Cannot find module '../../services/payments/gateway-factory.service' or its corresponding type declarations.
apps/backend/src/services/payments/webhook/webhook.service.ts(172,40): error TS2322: Type '"chargeback_received"' is not assignable to type '"payment_intent_created" | "payment_succeeded" | "payment_failed" | "refund_initiated" | "refund_completed"'.
apps/backend/src/services/payments/webhook/webhook.service.ts(173,39): error TS2322: Type '"chargeback_closed"' is not assignable to type '"payment_intent_created" | "payment_succeeded" | "payment_failed" | "refund_initiated" | "refund_completed"'.
apps/backend/src/services/payments/webhook/webhook.service.ts(181,31): error TS2322: Type '"refund_failed"' is not assignable to type '"payment_intent_created" | "payment_succeeded" | "payment_failed" | "refund_initiated" | "refund_completed"'.
apps/backend/src/services/payments/webhook/webhook.service.ts(521,46): error TS2322: Type '"chargeback_received"' is not assignable to type 'NonNullable<"payment_intent_created" | "payment_succeeded" | "payment_failed" | "refund_initiated" | "refund_completed"> | FindOperator<NonNullable<"payment_intent_created" | "payment_succeeded" | "payment_failed" | "refund_initiated" | "refund_completed">>'.
apps/backend/src/services/payments/webhook/webhook.service.ts(522,46): error TS2322: Type '"chargeback_closed"' is not assignable to type 'NonNullable<"payment_intent_created" | "payment_succeeded" | "payment_failed" | "refund_initiated" | "refund_completed"> | FindOperator<NonNullable<"payment_intent_created" | "payment_succeeded" | "payment_failed" | "refund_initiated" | "refund_completed">>'.
apps/backend/src/services/refund/refund.controller.ts(160,65): error TS2345: Argument of type 'string' is not assignable to parameter of type '"pending" | "approved" | "rejected" | "processed" | "failed"'.
apps/backend/src/services/refund/refund.module.ts(10,38): error TS2307: Cannot find module '../../services/payments/payment-service.module' or its corresponding type declarations.
apps/backend/src/services/refund/refund.module.ts(12,46): error TS2307: Cannot find module '../../services/notifications/production-notification.module' or its corresponding type declarations.
apps/backend/src/services/refund/refund.module.ts(19,5): error TS2304: Cannot find name 'LedgerModule'.
apps/backend/src/services/refund/refund.service.ts(394,11): error TS2353: Object literal may only specify known properties, and 'userId' does not exist in type 'Omit<AlertPayload, "userId" | "paymentId">'.
apps/backend/src/services/refund/refund.service.ts(423,12): error TS2353: Object literal may only specify known properties, and 'userId' does not exist in type 'Omit<AlertPayload, "userId" | "paymentId">'.
apps/backend/src/services/refund/refund.service.ts(450,12): error TS2353: Object literal may only specify known properties, and 'userId' does not exist in type 'Omit<AlertPayload, "userId" | "paymentId">'.
apps/backend/src/services/refund/refund.service.ts(477,12): error TS2353: Object literal may only specify known properties, and 'userId' does not exist in type 'Omit<AlertPayload, "userId" | "paymentId">'.
apps/backend/src/services/restaurant/onboarding.service.ts(186,32): error TS2339: Property 'pricing' does not exist on type '{ legalName?: string; tradeName?: string; gstin?: string; businessType?: string; registrationDate?: string; }'.
apps/backend/src/services/restaurant/restaurant.module.ts(11,10): error TS2305: Module '"./onboarding.service"' has no exported member 'OnboardingService'.
apps/backend/src/services/restaurant/restaurant.module.ts(12,10): error TS2305: Module '"./onboarding.controller"' has no exported member 'OnboardingController'.
